[danielsun.space/index.html]
[backblue.gif]
[fade.gif]
[index.html]
[framerusercontent.com/images/DcY4zKT27pnqbAPSSNLjUhP2zU.png]
[framerusercontent.com/images/zsvZg3KTfDhPg2LKkoz4SUlVQ.png]
[framerusercontent.com/images/555j1oRyR1ek3zbXAxt3mWOuj0bf23.png]
[framerusercontent.com/images/HTKvkUGiTrV9Bi4p3psUUrOY7b68.png]
[framerusercontent.com/images/uIaN9OqMe04pv18mkHBrSus3C01134.png]
[framerusercontent.com/images/epYmEFUkGf5RAdraSFF73cFeg635e.png]
[framerusercontent.com/images/3QcsA8TTMQXfdzHVxQGhRs9XeUMdd8a.png]
[framerusercontent.com/images/rAx5p19XPwQrmLQaEWqjUnrNsG02bcf.png]
[framerusercontent.com/images/3CZpF465Yc3j2CZ4kHDCBqVsYa654.png]
[framerusercontent.com/images/GOy5m9lNj4PzU5r8w52kmtL7lUafee.png]
[framerusercontent.com/images/afh8DWz3dwODa0l2jxClrH96As4cf6.png]
[framerusercontent.com/images/dXC5qH45pIUuYOr6asR5s01IhM5919.png]
[framerusercontent.com/images/xRYXNkQs0bYxhH3KIB5zB38uZRc8e48.png]
[framerusercontent.com/images/V4DUk7cvcCqHYJwM5pZ1k6zI7W431a7.png]
[framerusercontent.com/images/v5w76QJX6Tp5pJ0pVU7wpDuqqtg52a3.png]
[framerusercontent.com/images/rswgGpiYFoEy9fVZhbxz01GZqW857d1.png]
[framerusercontent.com/images/xOAD945vNzB4ZNxwOOlGFoBoIb782.png]
[framerusercontent.com/images/F4OUDL5iGqjO9FJhsW24INIBb1I9343.png]
[framerusercontent.com/images/NhKxPMQ81nEv4q4pclRzztFygM0698.png]
[framerusercontent.com/images/uDK4SqDaezrDJLHUNMP6J6YsG00698.png]
[framerusercontent.com/images/y21PZDf5cJJ7M7LY1kjt9GpfR457d1.png]
[framerusercontent.com/images/LxMrJIsDqmsasVRkYaCUAlGgM9343.png]
[framerusercontent.com/images/d8sgy62MVj88nD6vAjCbN7vQL5U487c.png]
[framerusercontent.com/images/vWFGw4TANIG6ROQXG2Jde7VkqsA9343.png]
[framerusercontent.com/images/qkXeKMdhxFxmpQ7X9P3LCmFjfE57d1.png]
[framerusercontent.com/images/lzonfTwKqTrl4OVxlFlGMrdgzJc1c87.png]
[framerusercontent.com/images/eBYztVt0PnYp0ytP1w4rDOS1tk17f5.png]
[framerusercontent.com/images/eBYztVt0PnYp0ytP1w4rDOS1tk.png]
[framerusercontent.com/images/yHxJg0SzWYXGsay8YaXqNltgKRQ17f5.png]
[framerusercontent.com/images/yHxJg0SzWYXGsay8YaXqNltgKRQ.png]
[framerusercontent.com/images/osAM0zgw9tmXnVl1tkOFgnew0w17f5.png]
[framerusercontent.com/images/osAM0zgw9tmXnVl1tkOFgnew0w.png]
[framerusercontent.com/images/1lgnv5CqSRxGqZ3821ZUBZQXE17f5.png]
[framerusercontent.com/images/1lgnv5CqSRxGqZ3821ZUBZQXE.png]
[framerusercontent.com/images/Rg6clVbphoJGYoYMG0l8kSF3pf417f5.png]
[framerusercontent.com/images/Rg6clVbphoJGYoYMG0l8kSF3pf4.png]
[framerusercontent.com/images/sUjip6AxTKheG4i1m5ApgnMR82323.png]
[framerusercontent.com/images/y9VARZ4Zxc5RJD8YO5y3cpliXdw835d.png]
[framerusercontent.com/images/tXJpZd4d50hazNDi8i7xjNErxbUdfe2.png]
[framerusercontent.com/images/8yvYtcx3cfJFOTpz7A4hI9AtiI39be.png]
[framerusercontent.com/images/qyHjNFaKZK3J0IgI963dEUUJ4.png]
[framerusercontent.com/images/uMA164Althqj1b2vXygS2wyBIgQ.png]
[framerusercontent.com/images/23QIkTXJxWXuDvTC7jrVLxmu5cA.png]
[framerusercontent.com/images/RYuwqCxHlxrSfIOO7JZreY9YX9Q.png]
[framerusercontent.com/images/jsH1LJRyZOojbHLTpFrbOtCClsY17f5.png]
[framerusercontent.com/images/dXC5qH45pIUuYOr6asR5s01IhM17f5.png]
[danielsun.space/index.html]
